Archive member included to satisfy reference by file (symbol)

../../simpleio/libio.a(simpleio.o)
                              user.o (setWindow)
../../simpleio/libio.a(serial.o)
                              ../../simpleio/libio.a(simpleio.o) (serial_putc)

Memory Configuration

Name             Origin             Length             Attributes
*default*        0x0000000000000000 0xffffffffffffffff

Linker script and memory map

                0x0000000000400000                . = 0x400000

.rodata.str1.1  0x0000000000400000       0x5e
 .rodata.str1.1
                0x0000000000400000       0x57 user.o
 .rodata.str1.1
                0x0000000000400057        0x7 ../../simpleio/libio.a(simpleio.o)

.eh_frame       0x0000000000400060      0x1a8
 .eh_frame      0x0000000000400060       0x54 user.o
 .eh_frame      0x00000000004000b4      0x154 ../../simpleio/libio.a(simpleio.o)
                                        0x16c (size before relaxing)

.text           0x0000000000401000     0x15d4
                0x0000000000401000                _text_start = .
 *(.text)
 .text          0x0000000000401000       0x97 user.o
                0x0000000000401000                kputs
                0x0000000000401029                cmain
 .text          0x0000000000401097        0xb userlib.o
                0x0000000000401097                entry
 *fill*         0x00000000004010a2        0xe 
 .text          0x00000000004010b0      0x471 ../../simpleio/libio.a(simpleio.o)
                0x0000000000401154                setVideo
                0x000000000040115e                setWindow
                0x00000000004011ac                setAttr
                0x00000000004011b6                cls
                0x0000000000401239                putchar
                0x0000000000401369                puts
                0x0000000000401392                printf
 .text          0x0000000000401521       0x2b ../../simpleio/libio.a(serial.o)
                0x0000000000401521                serial_putc
                0x000000000040154c                _text_end = .
 *(.rodata)
 .rodata        0x000000000040154c       0x58 ../../simpleio/libio.a(simpleio.o)
 *(.data)
 .data          0x00000000004015a4        0x0 user.o
 .data          0x00000000004015a4     0x100f userlib.o
                0x00000000004025a4                kputc
                0x00000000004025ad                yield
 *fill*         0x00000000004025b3        0x1 
 .data          0x00000000004025b4       0x10 ../../simpleio/libio.a(simpleio.o)
 .data          0x00000000004025c4        0x0 ../../simpleio/libio.a(serial.o)
                0x00000000004025c4                _start_bss = .
 *(COMMON)
 *(.bss)
 .bss           0x00000000004025c4        0x0 user.o
 .bss           0x00000000004025c4        0x0 userlib.o
 .bss           0x00000000004025c4       0x10 ../../simpleio/libio.a(simpleio.o)
 .bss           0x00000000004025d4        0x0 ../../simpleio/libio.a(serial.o)
                0x00000000004025d4                _end_bss = .
LOAD user.o
LOAD userlib.o
LOAD ../../simpleio/libio.a
OUTPUT(user elf32-i386)

.iplt           0x00000000004025e0        0x0
 .iplt          0x0000000000000000        0x0 user.o

.igot.plt       0x00000000004025d4        0x0
 .igot.plt      0x0000000000000000        0x0 user.o

.rel.dyn        0x00000000004025d4        0x0
 .rel.iplt      0x0000000000000000        0x0 user.o
 .rel.text      0x0000000000000000        0x0 user.o

.comment        0x0000000000000000       0x2b
 .comment       0x0000000000000000       0x2b user.o
                                         0x2c (size before relaxing)
 .comment       0x0000000000000000       0x2c ../../simpleio/libio.a(simpleio.o)

.note.GNU-stack
                0x0000000000000000        0x0
 .note.GNU-stack
                0x0000000000000000        0x0 user.o
 .note.GNU-stack
                0x0000000000000000        0x0 ../../simpleio/libio.a(simpleio.o)
