Archive member included to satisfy reference by file (symbol)

../../simpleio/libio.a(simpleio.o)
                              kernel.o (setWindow)
../../simpleio/libio.a(serial.o)
                              ../../simpleio/libio.a(simpleio.o) (serial_putc)

Allocating common symbols
Common symbol       size              file

user                0x48              kernel.o
physStart           0x4               kernel.o
physEnd             0x4               kernel.o

Memory Configuration

Name             Origin             Length             Attributes
*default*        0x0000000000000000 0xffffffffffffffff

Linker script and memory map

                0x00000000c0000000                KERNEL_SPACE = 0xc0000000
                0x0000000000100000                KERNEL_LOAD = 0x100000
                0x0000000000100000                physentry = (entry - KERNEL_SPACE)
                0x00000000c0100000                . = (KERNEL_LOAD + KERNEL_SPACE)

.text           0x00000000c0100000     0x4940 load address 0x0000000000100000
                0x00000000c0100000                _text_start = .
 *(.text)
 .text          0x00000000c0100000      0x719 init.o
                0x00000000c0100000                entry
                0x00000000c0100072                halt
                0x00000000c0100700                switchToUser
 .text          0x00000000c0100719      0x30b kernel.o
                0x00000000c0100719                fatal
                0x00000000c0100739                kernel
                0x00000000c01009ec                allocPage
                0x00000000c0100a04                csyscall
 .text          0x00000000c0100a24      0x158 paging.o
                0x00000000c0100a24                allocPdir
                0x00000000c0100a30                allocPtab
                0x00000000c0100a3c                mapPage
                0x00000000c0100a5f                showPdir
 *fill*         0x00000000c0100b7c        0x4 
 .text          0x00000000c0100b80      0x471 ../../simpleio/libio.a(simpleio.o)
                0x00000000c0100c24                setVideo
                0x00000000c0100c2e                setWindow
                0x00000000c0100c7c                setAttr
                0x00000000c0100c86                cls
                0x00000000c0100d09                putchar
                0x00000000c0100e39                puts
                0x00000000c0100e62                printf
 .text          0x00000000c0100ff1       0x2b ../../simpleio/libio.a(serial.o)
                0x00000000c0100ff1                serial_putc
 *(.handlers)
                0x00000000c010101c                _text_end = .
 *(.rodata*)
 .rodata.str1.1
                0x00000000c010101c       0xd3 kernel.o
 *fill*         0x00000000c01010ef        0x1 
 .rodata.str1.4
                0x00000000c01010f0      0x10d kernel.o
 *fill*         0x00000000c01011fd        0x3 
 .rodata.str1.4
                0x00000000c0101200       0xa0 paging.o
                                         0x9f (size before relaxing)
 .rodata.str1.1
                0x00000000c01012a0       0x18 paging.o
 .rodata.str1.1
                0x00000000c01012b8        0x7 ../../simpleio/libio.a(simpleio.o)
 *fill*         0x00000000c01012bf        0x1 
 .rodata        0x00000000c01012c0       0x58 ../../simpleio/libio.a(simpleio.o)
 *(.data)
 *fill*         0x00000000c0101318      0xce8 
 .data          0x00000000c0102000     0x28d0 init.o
                0x00000000c0102000                initdir
 .data          0x00000000c01048d0        0x0 kernel.o
 .data          0x00000000c01048d0        0x0 paging.o
 .data          0x00000000c01048d0       0x10 ../../simpleio/libio.a(simpleio.o)
 .data          0x00000000c01048e0        0x0 ../../simpleio/libio.a(serial.o)
                0x00000000c01048e0                _start_bss = .
 *(COMMON)
 COMMON         0x00000000c01048e0       0x50 kernel.o
                0x00000000c01048e0                user
                0x00000000c0104928                physStart
                0x00000000c010492c                physEnd
 *(.bss)
 .bss           0x00000000c0104930        0x0 init.o
 .bss           0x00000000c0104930        0x0 kernel.o
 .bss           0x00000000c0104930        0x0 paging.o
 .bss           0x00000000c0104930       0x10 ../../simpleio/libio.a(simpleio.o)
 .bss           0x00000000c0104940        0x0 ../../simpleio/libio.a(serial.o)
                0x00000000c0104940                _end_bss = .
LOAD init.o
LOAD kernel.o
LOAD paging.o
LOAD ../../simpleio/libio.a
OUTPUT(kernel elf32-i386)

.iplt           0x00000000c0104940        0x0 load address 0x0000000000104940
 .iplt          0x0000000000000000        0x0 init.o

.igot.plt       0x00000000c0104940        0x0 load address 0x0000000000104940
 .igot.plt      0x0000000000000000        0x0 init.o

.rel.dyn        0x00000000c0104940        0x0 load address 0x0000000000104940
 .rel.iplt      0x0000000000000000        0x0 init.o
 .rel.text      0x0000000000000000        0x0 init.o

.eh_frame       0x00000000c0104940      0x27c load address 0x0000000000104940
 .eh_frame      0x00000000c0104940       0xa0 kernel.o
 .eh_frame      0x00000000c01049e0       0x88 paging.o
                                         0xa0 (size before relaxing)
 .eh_frame      0x00000000c0104a68      0x154 ../../simpleio/libio.a(simpleio.o)
                                        0x16c (size before relaxing)

.comment        0x0000000000000000       0x2b
 .comment       0x0000000000000000       0x2b kernel.o
                                         0x2c (size before relaxing)
 .comment       0x0000000000000000       0x2c paging.o
 .comment       0x0000000000000000       0x2c ../../simpleio/libio.a(simpleio.o)

.note.GNU-stack
                0x0000000000000000        0x0
 .note.GNU-stack
                0x0000000000000000        0x0 kernel.o
 .note.GNU-stack
                0x0000000000000000        0x0 paging.o
 .note.GNU-stack
                0x0000000000000000        0x0 ../../simpleio/libio.a(simpleio.o)
